// Jest Snapshot v1, https://goo.gl/fbAQLP

exports[`general - (1.1 Initial) asserting data objects using snapshots 1`] = `
Object {
  "age": 25,
  "country": "Portugal",
  "hobbie": "piano",
  "job": "Frontend Engineer",
  "name": "Sandrina",
  "website": "//www.sandrina-p.net/",
}
`;
